Command line invocation:
    /Applications/Xcode.app/Contents/Developer/usr/bin/xcodebuild -project VectorLens.xcodeproj -scheme VectorLens -destination generic/platform=iOS CODE_SIGN_IDENTITY= CODE_SIGNING_REQUIRED=NO build

Build settings from command line:
    CODE_SIGN_IDENTITY = 
    CODE_SIGNING_REQUIRED = NO

Resolve Package Graph
Invalid Exclude '/Users/harrisonfarrell/Desktop/IB/embeddingios/SlipStream/build': File not found.Invalid Exclude '/Users/harrisonfarrell/Desktop/IB/embeddingios/SlipStream/.git': File not found.

Resolved source packages:
  SlipStream: /Users/harrisonfarrell/Desktop/IB/embeddingios/SlipStream

2026-03-31 18:25:52.284 xcodebuild[81812:3294183] [MT] IDERunDestination: Supported platforms for the buildables in the current scheme is empty.
note: Using codesigning identity override: 
ComputePackagePrebuildTargetDependencyGraph

Prepare packages

CreateBuildRequest

SendProjectDescription

CreateBuildOperation

ComputeTargetDependencyGraph
note: Building targets in dependency order
note: Target dependency graph (5 targets)
    Target 'VectorLens' in project 'VectorLens'
        ➜ Explicit dependency on target 'SlipStream' in project 'SlipStream'
    Target 'SlipStream' in project 'SlipStream'
        ➜ Explicit dependency on target 'SlipStream' in project 'SlipStream'
        ➜ Explicit dependency on target 'CSlipStream' in project 'SlipStream'
    Target 'SlipStream' in project 'SlipStream'
        ➜ Explicit dependency on target 'CSlipStream' in project 'SlipStream'
    Target 'CSlipStream' in project 'SlipStream'
        ➜ Explicit dependency on target 'SlipStream_CSlipStream' in project 'SlipStream'
    Target 'SlipStream_CSlipStream' in project 'SlipStream' (no dependencies)

GatherProvisioningInputs

CreateBuildDescription

ExecuteExternalTool /Applications/Xcode.app/Contents/Developer/Toolchains/XcodeDefault.xctoolchain/usr/bin/clang -v -E -dM -isysroot /Applications/Xcode.app/Contents/Developer/Platforms/iPhoneOS.platform/Developer/SDKs/iPhoneOS26.1.sdk -x c -c /dev/null

ExecuteExternalTool /Applications/Xcode.app/Contents/Developer/usr/bin/ibtool --version --output-format xml1

ExecuteExternalTool /Applications/Xcode.app/Contents/Developer/Toolchains/XcodeDefault.xctoolchain/usr/bin/swiftc --version

ExecuteExternalTool /Applications/Xcode.app/Contents/Developer/Toolchains/XcodeDefault.xctoolchain/usr/bin/clang -v -E -dM -arch arm64 -isysroot /Applications/Xcode.app/Contents/Developer/Platforms/iPhoneOS.platform/Developer/SDKs/iPhoneOS26.1.sdk -x objective-c -c /dev/null

ExecuteExternalTool /Applications/Xcode.app/Contents/Developer/usr/bin/actool --version --output-format xml1

ExecuteExternalTool /Applications/Xcode.app/Contents/Developer/Toolchains/XcodeDefault.xctoolchain/usr/bin/clang -v -E -dM -arch arm64 -isysroot /Applications/Xcode.app/Contents/Developer/Platforms/iPhoneOS.platform/Developer/SDKs/iPhoneOS26.1.sdk -x c -c /dev/null

ExecuteExternalTool /Applications/Xcode.app/Contents/Developer/Toolchains/XcodeDefault.xctoolchain/usr/bin/clang -v -E -dM -arch arm64 -isysroot /Applications/Xcode.app/Contents/Developer/Platforms/iPhoneOS.platform/Developer/SDKs/iPhoneOS26.1.sdk -x c++ -c /dev/null

ExecuteExternalTool /Applications/Xcode.app/Contents/Developer/Toolchains/XcodeDefault.xctoolchain/usr/bin/ld -version_details

Build description signature: 8c6b3f033aaf3c738b9e6e66e065ac5a
Build description path: /Users/harrisonfarrell/Library/Developer/Xcode/DerivedData/VectorLens-cmecbypnyvqqbwcqspvgkepbizxj/Build/Intermediates.noindex/XCBuildData/8c6b3f033aaf3c738b9e6e66e065ac5a.xcbuilddata
ClangStatCache /Applications/Xcode.app/Contents/Developer/Toolchains/XcodeDefault.xctoolchain/usr/bin/clang-stat-cache /Applications/Xcode.app/Contents/Developer/Platforms/iPhoneOS.platform/Developer/SDKs/iPhoneOS26.1.sdk /Users/harrisonfarrell/Library/Developer/Xcode/DerivedData/SDKStatCaches.noindex/iphoneos26.1-23B77-3885c01c3e6b6a337905948deab2002e69b33fc7382b27d9b5d46e82a00f8e78.sdkstatcache
    cd /Users/harrisonfarrell/Desktop/IB/embeddingios/VectorLens.xcodeproj
    /Applications/Xcode.app/Contents/Developer/Toolchains/XcodeDefault.xctoolchain/usr/bin/clang-stat-cache /Applications/Xcode.app/Contents/Developer/Platforms/iPhoneOS.platform/Developer/SDKs/iPhoneOS26.1.sdk -o /Users/harrisonfarrell/Library/Developer/Xcode/DerivedData/SDKStatCaches.noindex/iphoneos26.1-23B77-3885c01c3e6b6a337905948deab2002e69b33fc7382b27d9b5d46e82a00f8e78.sdkstatcache

SwiftDriver VectorLens normal arm64 com.apple.xcode.tools.swift.compiler (in target 'VectorLens' from project 'VectorLens')
    cd /Users/harrisonfarrell/Desktop/IB/embeddingios
    builtin-SwiftDriver -- /Applications/Xcode.app/Contents/Developer/Toolchains/XcodeDefault.xctoolchain/usr/bin/swiftc -module-name VectorLens -Onone -enforce-exclusivity\=checked @/Users/harrisonfarrell/Library/Developer/Xcode/DerivedData/VectorLens-cmecbypnyvqqbwcqspvgkepbizxj/Build/Intermediates.noindex/VectorLens.build/Debug-iphoneos/VectorLens.build/Objects-normal/arm64/VectorLens.SwiftFileList -DDEBUG -Xcc -fmodule-map-file\=/Users/harrisonfarrell/Library/Developer/Xcode/DerivedData/VectorLens-cmecbypnyvqqbwcqspvgkepbizxj/Build/Intermediates.noindex/GeneratedModuleMaps-iphoneos/CSlipStream.modulemap -enable-bare-slash-regex -enable-experimental-feature DebugDescriptionMacro -sdk /Applications/Xcode.app/Contents/Developer/Platforms/iPhoneOS.platform/Developer/SDKs/iPhoneOS26.1.sdk -target arm64-apple-ios16.0 -g -module-cache-path /Users/harrisonfarrell/Library/Developer/Xcode/DerivedData/ModuleCache.noindex -Xfrontend -serialize-debugging-options -enable-testing -index-store-path /Users/harrisonfarrell/Library/Developer/Xcode/DerivedData/VectorLens-cmecbypnyvqqbwcqspvgkepbizxj/Index.noindex/DataStore -Xcc -D_LIBCPP_HARDENING_MODE\=_LIBCPP_HARDENING_MODE_DEBUG -swift-version 5 -I /Users/harrisonfarrell/Library/Developer/Xcode/DerivedData/VectorLens-cmecbypnyvqqbwcqspvgkepbizxj/Build/Products/Debug-iphoneos -F /Users/harrisonfarrell/Library/Developer/Xcode/DerivedData/VectorLens-cmecbypnyvqqbwcqspvgkepbizxj/Build/Products/Debug-iphoneos/PackageFrameworks -F /Users/harrisonfarrell/Library/Developer/Xcode/DerivedData/VectorLens-cmecbypnyvqqbwcqspvgkepbizxj/Build/Products/Debug-iphoneos/PackageFrameworks -F /Users/harrisonfarrell/Library/Developer/Xcode/DerivedData/VectorLens-cmecbypnyvqqbwcqspvgkepbizxj/Build/Products/Debug-iphoneos -c -j10 -enable-batch-mode -incremental -Xcc -ivfsstatcache -Xcc /Users/harrisonfarrell/Library/Developer/Xcode/DerivedData/SDKStatCaches.noindex/iphoneos26.1-23B77-3885c01c3e6b6a337905948deab2002e69b33fc7382b27d9b5d46e82a00f8e78.sdkstatcache -output-file-map /Users/harrisonfarrell/Library/Developer/Xcode/DerivedData/VectorLens-cmecbypnyvqqbwcqspvgkepbizxj/Build/Intermediates.noindex/VectorLens.build/Debug-iphoneos/VectorLens.build/Objects-normal/arm64/VectorLens-OutputFileMap.json -use-frontend-parseable-output -save-temps -no-color-diagnostics -explicit-module-build -module-cache-path /Users/harrisonfarrell/Library/Developer/Xcode/DerivedData/VectorLens-cmecbypnyvqqbwcqspvgkepbizxj/Build/Intermediates.noindex/SwiftExplicitPrecompiledModules -clang-scanner-module-cache-path /Users/harrisonfarrell/Library/Developer/Xcode/DerivedData/ModuleCache.noindex -sdk-module-cache-path /Users/harrisonfarrell/Library/Developer/Xcode/DerivedData/ModuleCache.noindex -serialize-diagnostics -emit-dependencies -emit-module -emit-module-path /Users/harrisonfarrell/Library/Developer/Xcode/DerivedData/VectorLens-cmecbypnyvqqbwcqspvgkepbizxj/Build/Intermediates.noindex/VectorLens.build/Debug-iphoneos/VectorLens.build/Objects-normal/arm64/VectorLens.swiftmodule -validate-clang-modules-once -clang-build-session-file /Users/harrisonfarrell/Library/Developer/Xcode/DerivedData/ModuleCache.noindex/Session.modulevalidation -Xcc -I/Users/harrisonfarrell/Library/Developer/Xcode/DerivedData/VectorLens-cmecbypnyvqqbwcqspvgkepbizxj/Build/Intermediates.noindex/VectorLens.build/Debug-iphoneos/VectorLens.build/swift-overrides.hmap -emit-const-values -Xfrontend -const-gather-protocols-file -Xfrontend /Users/harrisonfarrell/Library/Developer/Xcode/DerivedData/VectorLens-cmecbypnyvqqbwcqspvgkepbizxj/Build/Intermediates.noindex/VectorLens.build/Debug-iphoneos/VectorLens.build/Objects-normal/arm64/VectorLens_const_extract_protocols.json -Xcc -iquote -Xcc /Users/harrisonfarrell/Library/Developer/Xcode/DerivedData/VectorLens-cmecbypnyvqqbwcqspvgkepbizxj/Build/Intermediates.noindex/VectorLens.build/Debug-iphoneos/VectorLens.build/VectorLens-generated-files.hmap -Xcc -I/Users/harrisonfarrell/Library/Developer/Xcode/DerivedData/VectorLens-cmecbypnyvqqbwcqspvgkepbizxj/Build/Intermediates.noindex/VectorLens.build/Debug-iphoneos/VectorLens.build/VectorLens-own-target-headers.hmap -Xcc -I/Users/harrisonfarrell/Library/Developer/Xcode/DerivedData/VectorLens-cmecbypnyvqqbwcqspvgkepbizxj/Build/Intermediates.noindex/VectorLens.build/Debug-iphoneos/VectorLens.build/VectorLens-all-non-framework-target-headers.hmap -Xcc -ivfsoverlay -Xcc /Users/harrisonfarrell/Library/Developer/Xcode/DerivedData/VectorLens-cmecbypnyvqqbwcqspvgkepbizxj/Build/Intermediates.noindex/VectorLens.build/Debug-iphoneos/VectorLens-dee2489bab82789a9556d24f1d03c06e-VFS-iphoneos/all-product-headers.yaml -Xcc -iquote -Xcc /Users/harrisonfarrell/Library/Developer/Xcode/DerivedData/VectorLens-cmecbypnyvqqbwcqspvgkepbizxj/Build/Intermediates.noindex/VectorLens.build/Debug-iphoneos/VectorLens.build/VectorLens-project-headers.hmap -Xcc -I/Users/harrisonfarrell/Desktop/IB/embeddingios/SlipStream/include -Xcc -I/Users/harrisonfarrell/Library/Developer/Xcode/DerivedData/VectorLens-cmecbypnyvqqbwcqspvgkepbizxj/Build/Products/Debug-iphoneos/include -Xcc -I/Users/harrisonfarrell/Library/Developer/Xcode/DerivedData/VectorLens-cmecbypnyvqqbwcqspvgkepbizxj/Build/Intermediates.noindex/VectorLens.build/Debug-iphoneos/VectorLens.build/DerivedSources-normal/arm64 -Xcc -I/Users/harrisonfarrell/Library/Developer/Xcode/DerivedData/VectorLens-cmecbypnyvqqbwcqspvgkepbizxj/Build/Intermediates.noindex/VectorLens.build/Debug-iphoneos/VectorLens.build/DerivedSources/arm64 -Xcc -I/Users/harrisonfarrell/Library/Developer/Xcode/DerivedData/VectorLens-cmecbypnyvqqbwcqspvgkepbizxj/Build/Intermediates.noindex/VectorLens.build/Debug-iphoneos/VectorLens.build/DerivedSources -Xcc -DDEBUG\=1 -emit-objc-header -emit-objc-header-path /Users/harrisonfarrell/Library/Developer/Xcode/DerivedData/VectorLens-cmecbypnyvqqbwcqspvgkepbizxj/Build/Intermediates.noindex/VectorLens.build/Debug-iphoneos/VectorLens.build/Objects-normal/arm64/VectorLens-Swift.h -working-directory /Users/harrisonfarrell/Desktop/IB/embeddingios -experimental-emit-module-separately -disable-cmo
/Users/harrisonfarrell/Desktop/IB/embeddingios/App/MultimodalEmbedder.swift:71:37: error: 'D' is not a valid digit in integer literal
                            let 768_D_Vector = try await self.textEngine.embed(prompt: finalSentence)
                                    ^
/Users/harrisonfarrell/Desktop/IB/embeddingios/App/MultimodalEmbedder.swift:71:33: error: expected pattern
                            let 768_D_Vector = try await self.textEngine.embed(prompt: finalSentence)
                                ^
/Users/harrisonfarrell/Desktop/IB/embeddingios/App/MultimodalEmbedder.swift:72:64: error: 'D' is not a valid digit in integer literal
                            continuation.resume(returning: 768_D_Vector)
                                                               ^
/Users/harrisonfarrell/Desktop/IB/embeddingios/App/MultimodalEmbedder.swift:71:37: error: 'D' is not a valid digit in integer literal
                            let 768_D_Vector = try await self.textEngine.embed(prompt: finalSentence)
                                    ^ (in target 'VectorLens' from project 'VectorLens')
/Users/harrisonfarrell/Desktop/IB/embeddingios/App/MultimodalEmbedder.swift:71:33: error: Expected pattern
                            let 768_D_Vector = try await self.textEngine.embed(prompt: finalSentence)
                                ^ (in target 'VectorLens' from project 'VectorLens')
/Users/harrisonfarrell/Desktop/IB/embeddingios/App/MultimodalEmbedder.swift:72:64: error: 'D' is not a valid digit in integer literal
                            continuation.resume(returning: 768_D_Vector)
                                                               ^ (in target 'VectorLens' from project 'VectorLens')

ProcessInfoPlistFile /Users/harrisonfarrell/Library/Developer/Xcode/DerivedData/VectorLens-cmecbypnyvqqbwcqspvgkepbizxj/Build/Products/Debug-iphoneos/SlipStream_CSlipStream.bundle/Info.plist /Users/harrisonfarrell/Library/Developer/Xcode/DerivedData/VectorLens-cmecbypnyvqqbwcqspvgkepbizxj/Build/Intermediates.noindex/SlipStream.build/Debug-iphoneos/SlipStream_CSlipStream.build/empty-SlipStream_CSlipStream.plist (in target 'SlipStream_CSlipStream' from project 'SlipStream')
    cd /Users/harrisonfarrell/Desktop/IB/embeddingios/SlipStream
    builtin-infoPlistUtility /Users/harrisonfarrell/Library/Developer/Xcode/DerivedData/VectorLens-cmecbypnyvqqbwcqspvgkepbizxj/Build/Intermediates.noindex/SlipStream.build/Debug-iphoneos/SlipStream_CSlipStream.build/empty-SlipStream_CSlipStream.plist -producttype com.apple.product-type.bundle -expandbuildsettings -format binary -platform iphoneos -additionalcontentfile /Users/harrisonfarrell/Library/Developer/Xcode/DerivedData/VectorLens-cmecbypnyvqqbwcqspvgkepbizxj/Build/Intermediates.noindex/SlipStream.build/Debug-iphoneos/SlipStream_CSlipStream.build/Base.lproj/LaunchScreen-SBPartialInfo.plist -additionalcontentfile /Users/harrisonfarrell/Library/Developer/Xcode/DerivedData/VectorLens-cmecbypnyvqqbwcqspvgkepbizxj/Build/Intermediates.noindex/SlipStream.build/Debug-iphoneos/SlipStream_CSlipStream.build/Base.lproj/Main-SBPartialInfo.plist -additionalcontentfile /Users/harrisonfarrell/Library/Developer/Xcode/DerivedData/VectorLens-cmecbypnyvqqbwcqspvgkepbizxj/Build/Intermediates.noindex/SlipStream.build/Debug-iphoneos/SlipStream_CSlipStream.build/assetcatalog_generated_info.plist -requiredArchitecture arm64 -o /Users/harrisonfarrell/Library/Developer/Xcode/DerivedData/VectorLens-cmecbypnyvqqbwcqspvgkepbizxj/Build/Products/Debug-iphoneos/SlipStream_CSlipStream.bundle/Info.plist

ProcessInfoPlistFile /Users/harrisonfarrell/Library/Developer/Xcode/DerivedData/VectorLens-cmecbypnyvqqbwcqspvgkepbizxj/Build/Products/Debug-iphoneos/VectorLens.app/Info.plist /Users/harrisonfarrell/Desktop/IB/embeddingios/App/Info.plist (in target 'VectorLens' from project 'VectorLens')
    cd /Users/harrisonfarrell/Desktop/IB/embeddingios
    builtin-infoPlistUtility /Users/harrisonfarrell/Desktop/IB/embeddingios/App/Info.plist -producttype com.apple.product-type.application -genpkginfo /Users/harrisonfarrell/Library/Developer/Xcode/DerivedData/VectorLens-cmecbypnyvqqbwcqspvgkepbizxj/Build/Products/Debug-iphoneos/VectorLens.app/PkgInfo -expandbuildsettings -format binary -platform iphoneos -scanforprivacyfile /Users/harrisonfarrell/Library/Developer/Xcode/DerivedData/VectorLens-cmecbypnyvqqbwcqspvgkepbizxj/Build/Products/Debug-iphoneos/VectorLens.app/SlipStream_CSlipStream.bundle -requiredArchitecture arm64 -o /Users/harrisonfarrell/Library/Developer/Xcode/DerivedData/VectorLens-cmecbypnyvqqbwcqspvgkepbizxj/Build/Products/Debug-iphoneos/VectorLens.app/Info.plist

** BUILD FAILED **


The following build commands failed:
	SwiftDriver VectorLens normal arm64 com.apple.xcode.tools.swift.compiler (in target 'VectorLens' from project 'VectorLens')
	Building project VectorLens with scheme VectorLens
(2 failures)
